1 resources/views/components/action-message.blade.php
5 resources/views/components/casos/celda-caso.blade.php
1 resources/views/components/dropdown.blade.php
1 resources/views/components/modal.blade.php
2 resources/views/components/ui/card.blade.php
1 resources/views/components/ui/form-field.blade.php
1 resources/views/components/ui/search-input.blade.php
1 resources/views/components/ui/section-title.blade.php
1 resources/views/components/ui/skeleton.blade.php
5 resources/views/layouts/app.blade.php
11 resources/views/livewire/layout/navigation.blade.php
4 resources/views/livewire/pages/auth/confirm-password.blade.php
4 resources/views/livewire/pages/auth/forgot-password.blade.php
6 resources/views/livewire/pages/auth/login.blade.php
4 resources/views/livewire/pages/auth/reset-password.blade.php
4 resources/views/livewire/pages/auth/verify-email.blade.php
5 resources/views/livewire/profile/delete-user-form.blade.php
4 resources/views/livewire/profile/update-password-form.blade.php
7 resources/views/livewire/profile/update-profile-information-form.blade.php
9 resources/views/livewire/tenancy/configurador-pasos/catalogos-tipo/catalogo-categorias-ticket.blade.php
8 resources/views/livewire/tenancy/configurador-pasos/catalogos-tipo/catalogo-estados-tecnicos.blade.php
10 resources/views/livewire/tenancy/configurador-pasos/catalogos-tipo/catalogo-etapas-embudo.blade.php
9 resources/views/livewire/tenancy/configurador-pasos/catalogos-tipo/catalogo-niveles-escalamiento.blade.php
9 resources/views/livewire/tenancy/configurador-pasos/catalogos-tipo/catalogo-niveles-sla.blade.php
9 resources/views/livewire/tenancy/configurador-pasos/catalogos-tipo/catalogo-prioridades-ticket.blade.php
8 resources/views/livewire/tenancy/configurador-pasos/catalogos-tipo/catalogo-productos-venta.blade.php
9 resources/views/livewire/tenancy/configurador-pasos/catalogos-tipo/catalogo-tipos-accion-servicio.blade.php
8 resources/views/livewire/tenancy/configurador-pasos/catalogos-tipo/catalogo-tipos-pago.blade.php
10 resources/views/livewire/tenancy/configurador-pasos/catalogos-tipo/catalogo-tramos-mora.blade.php
22 resources/views/livewire/tenancy/configurador-pasos/paso-campos-personalizados.blade.php
9 resources/views/livewire/tenancy/configurador-pasos/paso-carteras.blade.php
6 resources/views/livewire/tenancy/configurador-pasos/paso-catalogos-tipo.blade.php
8 resources/views/livewire/tenancy/configurador-pasos/paso-datos-proyecto.blade.php
9 resources/views/livewire/tenancy/configurador-pasos/paso-estados-caso.blade.php
15 resources/views/livewire/tenancy/configurador-pasos/paso-motivos-no-contacto.blade.php
25 resources/views/livewire/tenancy/configurador-pasos/paso-resultados.blade.php
21 resources/views/livewire/tenancy/configurador-pasos/paso-resumen.blade.php
19 resources/views/livewire/tenancy/configurador-pasos/paso-tipos-gestion.blade.php
22 resources/views/livewire/tenancy/configurador-proyecto.blade.php
9 resources/views/livewire/tenancy/selector-mandante.blade.php
1 resources/views/modules/asignaciones/asignar-masivamente-page.blade.php
1 resources/views/modules/asignaciones/bandeja-equipo-page.blade.php
1 resources/views/modules/asignaciones/bandeja-page.blade.php
1 resources/views/modules/asignaciones/reasignar-entre-equipos-page.blade.php
1 resources/views/modules/auditoria/page.blade.php
24 resources/views/modules/campos_personalizados/admin/lista.blade.php
6 resources/views/modules/campos_personalizados/livewire/formulario-campos-personalizados.blade.php
10 resources/views/modules/casos/livewire/crear-caso-individual.blade.php
5 resources/views/modules/casos/livewire/editar-caso.blade.php
10 resources/views/modules/casos/livewire/listado-casos.blade.php
6 resources/views/modules/compromisos/livewire/editar-compromiso.blade.php
9 resources/views/modules/compromisos/livewire/listado-compromisos.blade.php
1 resources/views/modules/contactos/lista-page.blade.php
32 resources/views/modules/entidades/admin/admin-entidades-configurables.blade.php
1 resources/views/modules/entidades/operativo/page.blade.php
1 resources/views/modules/importaciones/livewire/importar.blade.php
2 resources/views/modules/importaciones/page.blade.php
16 resources/views/modules/integracion/admin/sso-secrets.blade.php
1 resources/views/modules/notificaciones/page.blade.php
1 resources/views/modules/personas/crear-page.blade.php
12 resources/views/modules/personas/livewire/buscador-global.blade.php
4 resources/views/modules/personas/livewire/editar-persona.blade.php
1 resources/views/modules/personas/livewire/listado-personas.blade.php
1 resources/views/modules/reportes/constructor-page.blade.php
1 resources/views/modules/reportes/dashboard-analitico-page.blade.php
1 resources/views/modules/reportes/dashboard-page.blade.php
1 resources/views/modules/reportes/listado-custom-page.blade.php
27 resources/views/modules/reportes/livewire/constructor-reporte.blade.php
1 resources/views/modules/reportes/livewire/dashboard-analitico.blade.php
5 resources/views/modules/reportes/livewire/listado-reportes-custom.blade.php
25 resources/views/modules/reportes/livewire/panel-del-dia.blade.php
1 resources/views/modules/reportes/reporte-equipos-page.blade.php
3 resources/views/modules/tenancy/admin-dashboard.blade.php
11 resources/views/modules/tenancy/admin/mandantes.blade.php
25 resources/views/modules/tenancy/admin/proyectos.blade.php
7 resources/views/modules/tenancy/proyecto-dashboard.blade.php
6 resources/views/modules/tenancy/selector-proyecto.blade.php
16 resources/views/modules/usuarios/admin/equipos-proyecto.blade.php
1 resources/views/modules/usuarios/admin/equipos-proyecto-page.blade.php
12 resources/views/modules/usuarios/admin/gestion-usuarios-proyecto.blade.php
1 resources/views/modules/usuarios/admin/gestion-usuarios-proyecto-page.blade.php
21 resources/views/modules/usuarios/admin/lista.blade.php
7 resources/views/modules/usuarios/admin/roles-custom.blade.php
1 resources/views/profile.blade.php
20 resources/views/vendor/pagination/tailwind.blade.php
